============================= test session starts =============================
platform win32 -- Python 3.8.2, pytest-8.0.0, pluggy-1.5.0 -- C:\Program Files\Python38\python.exe
cachedir: .pytest_cache
rootdir: C:\Users\91797\OneDrive\Desktop\Global Supply  Chain project\backend
plugins: anyio-4.5.2, asyncio-0.23.5
asyncio: mode=strict
collecting ... collected 0 items / 1 error

=================================== ERRORS ====================================
_____________________ ERROR collecting tests/test_api.py ______________________
ImportError while importing test module 'C:\Users\91797\OneDrive\Desktop\Global Supply  Chain project\backend\tests\test_api.py'.
Hint: make sure your test modules/packages have valid Python names.
Traceback:
C:\Program Files\Python38\lib\importlib\__init__.py:127: in import_module
    return _bootstrap._gcd_import(name[level:], package, level)
tests\test_api.py:4: in <module>
    from run import app
run.py:16: in <module>
    from app.api import admin, auth, blockchain, dealer, inventory, manufacturer, tracking
app\api\auth.py:12: in <module>
    from passlib.context import CryptContext
E   ModuleNotFoundError: No module named 'passlib'
=========================== short test summary info ===========================
ERROR tests/test_api.py
!!!!!!!!!!!!!!!!!!! Interrupted: 1 error during collection !!!!!!!!!!!!!!!!!!!!
============================== 1 error in 3.29s ===============================
